# serializer version: 1
# name: test_stats_with_seed_123
  dict({
    'countries': dict({
      'AF': 1,
      'AL': 1,
      'AO': 1,
      'BB': 1,
      'BE': 1,
      'BF': 1,
      'BG': 1,
      'BH': 1,
      'BO': 1,
      'BS': 1,
      'CZ': 1,
      'DK': 1,
      'ES': 1,
      'FI': 1,
      'GB': 1,
      'GH': 1,
      'GW': 1,
      'IN': 1,
      'JM': 1,
      'JO': 1,
      'KH': 1,
      'KN': 1,
      'LK': 1,
      'LR': 1,
      'LU': 1,
      'LV': 1,
      'MK': 1,
      'MN': 1,
      'MR': 1,
      'MT': 1,
      'MZ': 1,
      'NL': 1,
      'NR': 1,
      'PE': 1,
      'SB': 1,
      'SC': 1,
      'SD': 1,
      'SG': 1,
      'ST': 1,
      'SV': 3,
      'TG': 1,
      'TL': 1,
      'TN': 1,
      'US': 1,
      'UZ': 1,
      'VA': 1,
      'YE': 1,
      'ZA': 1,
    }),
    'date': '2023/05/16',
    'delta_downloads': 3,
    'downloads': 50,
    'flatpak_versions': dict({
      '1.12.4': 8,
      '1.12.7': 5,
      '1.12.8': 13,
      '1.14.0': 7,
      '1.14.4': 4,
      '1.15.4': 13,
    }),
    'ostree_versions': dict({
      '2020.8': 7,
      '2022.1': 6,
      '2022.2': 5,
      '2022.5': 7,
      '2022.6': 8,
      '2022.7': 4,
      '2023.1': 10,
      '2023.2': 3,
    }),
    'ref_by_country': dict({
      'net.lutris.Lutris': dict({
        'BF': list([
          1,
          1,
        ]),
        'BO': list([
          1,
          1,
        ]),
        'KN': list([
          1,
          1,
        ]),
        'LV': list([
          1,
          0,
        ]),
        'MZ': list([
          1,
          0,
        ]),
        'NL': list([
          1,
          1,
        ]),
        'SV': list([
          1,
          1,
        ]),
      }),
      'net.pcsx2.PCSX2': dict({
        'ES': list([
          1,
          1,
        ]),
        'NR': list([
          1,
          1,
        ]),
        'ST': list([
          1,
          0,
        ]),
        'ZA': list([
          1,
          1,
        ]),
      }),
      'net.rpcs3.RPCS3': dict({
        'JO': list([
          1,
          1,
        ]),
        'MK': list([
          1,
          1,
        ]),
      }),
      'org.citra_emu.citra': dict({
        'AO': list([
          1,
          1,
        ]),
        'BH': list([
          1,
          0,
        ]),
        'MT': list([
          1,
          1,
        ]),
        'SB': list([
          1,
          0,
        ]),
        'US': list([
          1,
          0,
        ]),
        'VA': list([
          1,
          0,
        ]),
      }),
      'org.libretro.RetroArch': dict({
        'AF': list([
          1,
          0,
        ]),
        'BG': list([
          1,
          1,
        ]),
        'BS': list([
          1,
          0,
        ]),
        'JM': list([
          1,
          0,
        ]),
        'LR': list([
          1,
          0,
        ]),
        'SV': list([
          1,
          1,
        ]),
        'TL': list([
          1,
          0,
        ]),
        'TN': list([
          1,
          0,
        ]),
      }),
      'org.mozilla.firefox': dict({
        'KH': list([
          1,
          1,
        ]),
        'LK': list([
          1,
          1,
        ]),
        'UZ': list([
          1,
          1,
        ]),
      }),
      'org.qgis.qgis': dict({
        'AL': list([
          1,
          1,
        ]),
        'BE': list([
          1,
          1,
        ]),
        'FI': list([
          1,
          1,
        ]),
        'IN': list([
          1,
          1,
        ]),
        'LU': list([
          1,
          1,
        ]),
        'MR': list([
          1,
          1,
        ]),
        'PE': list([
          1,
          1,
        ]),
        'SC': list([
          1,
          1,
        ]),
        'SD': list([
          1,
          1,
        ]),
        'SV': list([
          1,
          1,
        ]),
        'TG': list([
          1,
          1,
        ]),
      }),
      'org.stellarium.Stellarium': dict({
        'CZ': list([
          1,
          0,
        ]),
        'DK': list([
          1,
          0,
        ]),
        'GB': list([
          1,
          0,
        ]),
        'GH': list([
          1,
          0,
        ]),
        'GW': list([
          1,
          0,
        ]),
        'YE': list([
          1,
          0,
        ]),
      }),
      'org.x.Warpinator': dict({
        'BB': list([
          1,
          0,
        ]),
        'MN': list([
          1,
          1,
        ]),
        'SG': list([
          1,
          0,
        ]),
      }),
    }),
    'refs': dict({
      'net.lutris.Lutris': dict({
        'x86_64': list([
          7,
          5,
        ]),
      }),
      'net.pcsx2.PCSX2': dict({
        'x86_64': list([
          4,
          3,
        ]),
      }),
      'net.rpcs3.RPCS3': dict({
        'x86_64': list([
          2,
          2,
        ]),
      }),
      'org.citra_emu.citra': dict({
        'x86_64': list([
          6,
          2,
        ]),
      }),
      'org.libretro.RetroArch': dict({
        'x86_64': list([
          8,
          2,
        ]),
      }),
      'org.mozilla.firefox': dict({
        'x86_64': list([
          3,
          3,
        ]),
      }),
      'org.qgis.qgis': dict({
        'x86_64': list([
          11,
          11,
        ]),
      }),
      'org.stellarium.Stellarium': dict({
        'x86_64': list([
          6,
          0,
        ]),
      }),
      'org.x.Warpinator': dict({
        'x86_64': list([
          3,
          1,
        ]),
      }),
    }),
    'updates': 29,
  })
# ---
# name: test_stats_with_seed_42
  dict({
    'countries': dict({
      'AD': 1,
      'AF': 1,
      'AG': 1,
      'AM': 1,
      'AR': 1,
      'AT': 1,
      'AU': 3,
      'BA': 1,
      'BG': 1,
      'BH': 1,
      'BJ': 1,
      'BN': 1,
      'BR': 1,
      'BS': 1,
      'CD': 1,
      'CH': 2,
      'CI': 2,
      'CR': 1,
      'CU': 1,
      'CZ': 1,
      'DJ': 2,
      'DK': 1,
      'DM': 2,
      'EG': 1,
      'ER': 1,
      'ET': 1,
      'FI': 1,
      'FM': 1,
      'FR': 1,
      'GA': 1,
      'GB': 1,
      'GN': 2,
      'GQ': 2,
      'GR': 1,
      'HN': 1,
      'HR': 1,
      'HT': 1,
      'HU': 1,
      'IN': 2,
      'JM': 1,
      'KR': 1,
      'KZ': 2,
      'LA': 1,
      'LI': 1,
      'LK': 1,
      'LU': 2,
      'MC': 2,
      'MK': 1,
      'ML': 1,
      'MT': 1,
      'MV': 2,
      'MY': 1,
      'NA': 1,
      'NG': 1,
      'NO': 1,
      'NZ': 1,
      'OM': 1,
      'PA': 1,
      'PE': 1,
      'PG': 1,
      'PW': 1,
      'SA': 1,
      'SD': 2,
      'SE': 1,
      'SI': 1,
      'SK': 2,
      'SL': 1,
      'SM': 2,
      'SR': 1,
      'SY': 1,
      'TM': 1,
      'TR': 1,
      'TT': 1,
      'TV': 1,
      'TW': 1,
      'US': 1,
      'UZ': 1,
      'VA': 1,
      'VC': 1,
      'VE': 1,
      'VN': 1,
      'VU': 2,
      'ZA': 1,
    }),
    'date': '2023/05/16',
    'delta_downloads': 7,
    'downloads': 100,
    'flatpak_versions': dict({
      '1.12.4': 12,
      '1.12.7': 15,
      '1.12.8': 21,
      '1.14.0': 5,
      '1.14.4': 15,
      '1.15.4': 32,
    }),
    'ostree_versions': dict({
      '2020.8': 5,
      '2022.1': 10,
      '2022.2': 15,
      '2022.5': 11,
      '2022.6': 12,
      '2022.7': 15,
      '2023.1': 20,
      '2023.2': 12,
    }),
    'ref_by_country': dict({
      'net.lutris.Lutris': dict({
        'BR': list([
          1,
          1,
        ]),
        'CD': list([
          1,
          1,
        ]),
        'CZ': list([
          1,
          0,
        ]),
        'DM': list([
          1,
          1,
        ]),
        'GQ': list([
          1,
          0,
        ]),
        'HN': list([
          1,
          1,
        ]),
        'NA': list([
          1,
          0,
        ]),
        'PE': list([
          1,
          0,
        ]),
        'SI': list([
          1,
          0,
        ]),
        'SY': list([
          1,
          1,
        ]),
      }),
      'net.pcsx2.PCSX2': dict({
        'BA': list([
          1,
          1,
        ]),
        'BN': list([
          1,
          0,
        ]),
        'BS': list([
          1,
          0,
        ]),
        'FM': list([
          1,
          0,
        ]),
        'GN': list([
          1,
          1,
        ]),
        'HR': list([
          1,
          1,
        ]),
        'MV': list([
          1,
          0,
        ]),
        'SK': list([
          1,
          0,
        ]),
        'SM': list([
          1,
          1,
        ]),
        'TW': list([
          1,
          0,
        ]),
      }),
      'net.rpcs3.RPCS3': dict({
        'AD': list([
          1,
          0,
        ]),
        'ET': list([
          1,
          1,
        ]),
        'LA': list([
          1,
          0,
        ]),
        'LI': list([
          1,
          1,
        ]),
        'MC': list([
          1,
          1,
        ]),
        'SM': list([
          1,
          0,
        ]),
        'VE': list([
          1,
          0,
        ]),
        'VU': list([
          1,
          0,
        ]),
      }),
      'org.citra_emu.citra': dict({
        'KZ': list([
          1,
          0,
        ]),
        'MC': list([
          1,
          0,
        ]),
        'NG': list([
          1,
          1,
        ]),
        'NZ': list([
          1,
          1,
        ]),
        'TM': list([
          1,
          0,
        ]),
        'TV': list([
          1,
          1,
        ]),
        'VN': list([
          1,
          0,
        ]),
      }),
      'org.libretro.RetroArch': dict({
        'AU': list([
          1,
          0,
        ]),
        'BH': list([
          1,
          1,
        ]),
        'DJ': list([
          1,
          1,
        ]),
        'ER': list([
          1,
          1,
        ]),
        'GB': list([
          1,
          0,
        ]),
        'KR': list([
          1,
          0,
        ]),
        'MK': list([
          1,
          0,
        ]),
        'PA': list([
          1,
          0,
        ]),
        'PW': list([
          1,
          0,
        ]),
        'SL': list([
          1,
          0,
        ]),
      }),
      'org.mozilla.firefox': dict({
        'GN': list([
          1,
          1,
        ]),
        'JM': list([
          1,
          1,
        ]),
        'LU': list([
          2,
          2,
        ]),
        'PG': list([
          1,
          1,
        ]),
        'SE': list([
          1,
          1,
        ]),
        'TR': list([
          1,
          1,
        ]),
      }),
      'org.qgis.qgis': dict({
        'AG': list([
          1,
          1,
        ]),
        'BG': list([
          1,
          1,
        ]),
        'CH': list([
          1,
          0,
        ]),
        'CI': list([
          1,
          1,
        ]),
        'CR': list([
          1,
          0,
        ]),
        'CU': list([
          1,
          0,
        ]),
        'DJ': list([
          1,
          1,
        ]),
        'EG': list([
          1,
          1,
        ]),
        'FI': list([
          1,
          0,
        ]),
        'FR': list([
          1,
          0,
        ]),
        'GQ': list([
          1,
          0,
        ]),
        'GR': list([
          1,
          1,
        ]),
        'IN': list([
          1,
          0,
        ]),
        'ML': list([
          1,
          1,
        ]),
        'MY': list([
          1,
          0,
        ]),
        'OM': list([
          1,
          1,
        ]),
        'SD': list([
          2,
          1,
        ]),
        'SK': list([
          1,
          1,
        ]),
        'SR': list([
          1,
          0,
        ]),
        'VA': list([
          1,
          1,
        ]),
        'VC': list([
          1,
          1,
        ]),
        'VU': list([
          1,
          1,
        ]),
      }),
      'org.stellarium.Stellarium': dict({
        'AR': list([
          1,
          0,
        ]),
        'AU': list([
          2,
          2,
        ]),
        'CH': list([
          1,
          1,
        ]),
        'DM': list([
          1,
          1,
        ]),
        'GA': list([
          1,
          1,
        ]),
        'HT': list([
          1,
          0,
        ]),
        'LK': list([
          1,
          1,
        ]),
        'MT': list([
          1,
          0,
        ]),
        'NO': list([
          1,
          0,
        ]),
        'US': list([
          1,
          0,
        ]),
        'UZ': list([
          1,
          0,
        ]),
        'ZA': list([
          1,
          1,
        ]),
      }),
      'org.x.Warpinator': dict({
        'AF': list([
          1,
          1,
        ]),
        'AM': list([
          1,
          1,
        ]),
        'AT': list([
          1,
          1,
        ]),
        'BJ': list([
          1,
          0,
        ]),
        'CI': list([
          1,
          1,
        ]),
        'DK': list([
          1,
          0,
        ]),
        'HU': list([
          1,
          0,
        ]),
        'IN': list([
          1,
          1,
        ]),
        'KZ': list([
          1,
          0,
        ]),
        'MV': list([
          1,
          1,
        ]),
        'SA': list([
          1,
          1,
        ]),
        'TT': list([
          1,
          0,
        ]),
      }),
    }),
    'refs': dict({
      'net.lutris.Lutris': dict({
        'x86_64': list([
          10,
          5,
        ]),
      }),
      'net.pcsx2.PCSX2': dict({
        'x86_64': list([
          10,
          4,
        ]),
      }),
      'net.rpcs3.RPCS3': dict({
        'x86_64': list([
          8,
          3,
        ]),
      }),
      'org.citra_emu.citra': dict({
        'x86_64': list([
          7,
          3,
        ]),
      }),
      'org.libretro.RetroArch': dict({
        'x86_64': list([
          10,
          3,
        ]),
      }),
      'org.mozilla.firefox': dict({
        'x86_64': list([
          7,
          7,
        ]),
      }),
      'org.qgis.qgis': dict({
        'x86_64': list([
          23,
          13,
        ]),
      }),
      'org.stellarium.Stellarium': dict({
        'x86_64': list([
          13,
          7,
        ]),
      }),
      'org.x.Warpinator': dict({
        'x86_64': list([
          12,
          7,
        ]),
      }),
    }),
    'updates': 52,
  })
# ---
# name: test_stats_with_seed_999_small_dataset
  dict({
    'countries': dict({
      'BF': 1,
      'BZ': 1,
      'CZ': 1,
      'GE': 1,
      'IR': 1,
      'IS': 1,
      'MC': 1,
      'MH': 1,
      'NE': 1,
      'VE': 1,
    }),
    'date': '2023/05/16',
    'delta_downloads': 1,
    'downloads': 10,
    'flatpak_versions': dict({
      '1.12.4': 1,
      '1.12.7': 1,
      '1.14.0': 4,
      '1.14.4': 3,
      '1.15.4': 1,
    }),
    'ostree_versions': dict({
      '2020.8': 4,
      '2022.2': 1,
      '2022.6': 1,
      '2022.7': 3,
      '2023.2': 1,
    }),
    'ref_by_country': dict({
      'net.lutris.Lutris': dict({
        'MC': list([
          1,
          1,
        ]),
        'NE': list([
          1,
          0,
        ]),
      }),
      'net.pcsx2.PCSX2': dict({
        'IS': list([
          1,
          1,
        ]),
      }),
      'net.rpcs3.RPCS3': dict({
        'IR': list([
          1,
          0,
        ]),
      }),
      'org.mozilla.firefox': dict({
        'BZ': list([
          1,
          1,
        ]),
      }),
      'org.qgis.qgis': dict({
        'BF': list([
          1,
          1,
        ]),
        'GE': list([
          1,
          0,
        ]),
        'MH': list([
          1,
          0,
        ]),
        'VE': list([
          1,
          1,
        ]),
      }),
      'org.stellarium.Stellarium': dict({
        'CZ': list([
          1,
          0,
        ]),
      }),
    }),
    'refs': dict({
      'net.lutris.Lutris': dict({
        'x86_64': list([
          2,
          1,
        ]),
      }),
      'net.pcsx2.PCSX2': dict({
        'x86_64': list([
          1,
          1,
        ]),
      }),
      'net.rpcs3.RPCS3': dict({
        'x86_64': list([
          1,
          0,
        ]),
      }),
      'org.mozilla.firefox': dict({
        'x86_64': list([
          1,
          1,
        ]),
      }),
      'org.qgis.qgis': dict({
        'x86_64': list([
          4,
          2,
        ]),
      }),
      'org.stellarium.Stellarium': dict({
        'x86_64': list([
          1,
          0,
        ]),
      }),
    }),
    'updates': 5,
  })
# ---
